Archive member included to satisfy reference by file (symbol)

/opt/st/stm32cubeide_1.13.2/plugins/com.st.stm32cube.ide.mcu.externaltools.gnu-tools-for-stm32.11.3.rel1.linux64_1.1.1.202309131626/tools/bin/../lib/gcc/arm-none-eabi/11.3.1/../../../../arm-none-eabi/lib/thumb/v7e-m+fp/hard/libc_nano.a(libc_a-exit.o)
                              /opt/st/stm32cubeide_1.13.2/plugins/com.st.stm32cube.ide.mcu.externaltools.gnu-tools-for-stm32.11.3.rel1.linux64_1.1.1.202309131626/tools/bin/../lib/gcc/arm-none-eabi/11.3.1/../../../../arm-none-eabi/lib/thumb/v7e-m+fp/hard/crt0.o (exit)
/opt/st/stm32cubeide_1.13.2/plugins/com.st.stm32cube.ide.mcu.externaltools.gnu-tools-for-stm32.11.3.rel1.linux64_1.1.1.202309131626/tools/bin/../lib/gcc/arm-none-eabi/11.3.1/../../../../arm-none-eabi/lib/thumb/v7e-m+fp/hard/libc_nano.a(libc_a-findfp.o)
                              /opt/st/stm32cubeide_1.13.2/plugins/com.st.stm32cube.ide.mcu.externaltools.gnu-tools-for-stm32.11.3.rel1.linux64_1.1.1.202309131626/tools/bin/../lib/gcc/arm-none-eabi/11.3.1/../../../../arm-none-eabi/lib/thumb/v7e-m+fp/hard/libc_nano.a(libc_a-exit.o) (__stdio_exit_handler)
/opt/st/stm32cubeide_1.13.2/plugins/com.st.stm32cube.ide.mcu.externaltools.gnu-tools-for-stm32.11.3.rel1.linux64_1.1.1.202309131626/tools/bin/../lib/gcc/arm-none-eabi/11.3.1/../../../../arm-none-eabi/lib/thumb/v7e-m+fp/hard/libc_nano.a(libc_a-fwalk.o)
                              /opt/st/stm32cubeide_1.13.2/plugins/com.st.stm32cube.ide.mcu.externaltools.gnu-tools-for-stm32.11.3.rel1.linux64_1.1.1.202309131626/tools/bin/../lib/gcc/arm-none-eabi/11.3.1/../../../../arm-none-eabi/lib/thumb/v7e-m+fp/hard/libc_nano.a(libc_a-findfp.o) (_fwalk_sglue)
/opt/st/stm32cubeide_1.13.2/plugins/com.st.stm32cube.ide.mcu.externaltools.gnu-tools-for-stm32.11.3.rel1.linux64_1.1.1.202309131626/tools/bin/../lib/gcc/arm-none-eabi/11.3.1/../../../../arm-none-eabi/lib/thumb/v7e-m+fp/hard/libc_nano.a(libc_a-stdio.o)
                              /opt/st/stm32cubeide_1.13.2/plugins/com.st.stm32cube.ide.mcu.externaltools.gnu-tools-for-stm32.11.3.rel1.linux64_1.1.1.202309131626/tools/bin/../lib/gcc/arm-none-eabi/11.3.1/../../../../arm-none-eabi/lib/thumb/v7e-m+fp/hard/libc_nano.a(libc_a-findfp.o) (__sread)
/opt/st/stm32cubeide_1.13.2/plugins/com.st.stm32cube.ide.mcu.externaltools.gnu-tools-for-stm32.11.3.rel1.linux64_1.1.1.202309131626/tools/bin/../lib/gcc/arm-none-eabi/11.3.1/../../../../arm-none-eabi/lib/thumb/v7e-m+fp/hard/libc_nano.a(libc_a-memset.o)
                              /opt/st/stm32cubeide_1.13.2/plugins/com.st.stm32cube.ide.mcu.externaltools.gnu-tools-for-stm32.11.3.rel1.linux64_1.1.1.202309131626/tools/bin/../lib/gcc/arm-none-eabi/11.3.1/../../../../arm-none-eabi/lib/thumb/v7e-m+fp/hard/crt0.o (memset)
/opt/st/stm32cubeide_1.13.2/plugins/com.st.stm32cube.ide.mcu.externaltools.gnu-tools-for-stm32.11.3.rel1.linux64_1.1.1.202309131626/tools/bin/../lib/gcc/arm-none-eabi/11.3.1/../../../../arm-none-eabi/lib/thumb/v7e-m+fp/hard/libc_nano.a(libc_a-closer.o)
                              /opt/st/stm32cubeide_1.13.2/plugins/com.st.stm32cube.ide.mcu.externaltools.gnu-tools-for-stm32.11.3.rel1.linux64_1.1.1.202309131626/tools/bin/../lib/gcc/arm-none-eabi/11.3.1/../../../../arm-none-eabi/lib/thumb/v7e-m+fp/hard/libc_nano.a(libc_a-stdio.o) (_close_r)
/opt/st/stm32cubeide_1.13.2/plugins/com.st.stm32cube.ide.mcu.externaltools.gnu-tools-for-stm32.11.3.rel1.linux64_1.1.1.202309131626/tools/bin/../lib/gcc/arm-none-eabi/11.3.1/../../../../arm-none-eabi/lib/thumb/v7e-m+fp/hard/libc_nano.a(libc_a-reent.o)
                              /opt/st/stm32cubeide_1.13.2/plugins/com.st.stm32cube.ide.mcu.externaltools.gnu-tools-for-stm32.11.3.rel1.linux64_1.1.1.202309131626/tools/bin/../lib/gcc/arm-none-eabi/11.3.1/../../../../arm-none-eabi/lib/thumb/v7e-m+fp/hard/libc_nano.a(libc_a-closer.o) (errno)
/opt/st/stm32cubeide_1.13.2/plugins/com.st.stm32cube.ide.mcu.externaltools.gnu-tools-for-stm32.11.3.rel1.linux64_1.1.1.202309131626/tools/bin/../lib/gcc/arm-none-eabi/11.3.1/../../../../arm-none-eabi/lib/thumb/v7e-m+fp/hard/libc_nano.a(libc_a-impure.o)
                              /opt/st/stm32cubeide_1.13.2/plugins/com.st.stm32cube.ide.mcu.externaltools.gnu-tools-for-stm32.11.3.rel1.linux64_1.1.1.202309131626/tools/bin/../lib/gcc/arm-none-eabi/11.3.1/../../../../arm-none-eabi/lib/thumb/v7e-m+fp/hard/libc_nano.a(libc_a-reent.o) (_impure_ptr)
/opt/st/stm32cubeide_1.13.2/plugins/com.st.stm32cube.ide.mcu.externaltools.gnu-tools-for-stm32.11.3.rel1.linux64_1.1.1.202309131626/tools/bin/../lib/gcc/arm-none-eabi/11.3.1/../../../../arm-none-eabi/lib/thumb/v7e-m+fp/hard/libc_nano.a(libc_a-lseekr.o)
                              /opt/st/stm32cubeide_1.13.2/plugins/com.st.stm32cube.ide.mcu.externaltools.gnu-tools-for-stm32.11.3.rel1.linux64_1.1.1.202309131626/tools/bin/../lib/gcc/arm-none-eabi/11.3.1/../../../../arm-none-eabi/lib/thumb/v7e-m+fp/hard/libc_nano.a(libc_a-stdio.o) (_lseek_r)
[...]
Memory Configuration

Name             Origin             Length             Attributes
RAM              0x0000000020000000 0x0000000000020000 xrw
FLASH            0x0000000008000000 0x0000000000080000 xr
*default*        0x0000000000000000 0xffffffffffffffff

Linker script and memory map

LOAD /opt/st/stm32cubeide_1.13.2/plugins/com.st.stm32cube.ide.mcu.externaltools.gnu-tools-for-stm32.11.3.rel1.linux64_1.1.1.202309131626/tools/bin/../lib/gcc/arm-none-eabi/11.3.1/thumb/v7e-m+fp/hard/crti.o
LOAD /opt/st/stm32cubeide_1.13.2/plugins/com.st.stm32cube.ide.mcu.externaltools.gnu-tools-for-stm32.11.3.rel1.linux64_1.1.1.202309131626/tools/bin/../lib/gcc/arm-none-eabi/11.3.1/thumb/v7e-m+fp/hard/crtbegin.o
LOAD /opt/st/stm32cubeide_1.13.2/plugins/com.st.stm32cube.ide.mcu.externaltools.gnu-tools-for-stm32.11.3.rel1.linux64_1.1.1.202309131626/tools/bin/../lib/gcc/arm-none-eabi/11.3.1/../../../../arm-none-eabi/lib/thumb/v7e-m+fp/hard/crt0.o
LOAD ./Core/Src/main.o
LOAD ./Core/Src/pca9685.o
LOAD ./Core/Src/stm32f4xx_hal_msp.o
LOAD ./Core/Src/stm32f4xx_it.o
LOAD ./Core/Src/syscalls.o
LOAD ./Core/Src/sysmem.o
LOAD ./Core/Src/system_stm32f4xx.o
LOAD ./Core/Startup/startup_stm32f446retx.o
LOAD ./Drivers/STM32F4xx_HAL_Driver/Src/stm32f4xx_hal.o
LOAD ./Drivers/STM32F4xx_HAL_Driver/Src/stm32f4xx_hal_adc.o
LOAD ./Drivers/STM32F4xx_HAL_Driver/Src/stm32f4xx_hal_adc_ex.o
LOAD ./Drivers/STM32F4xx_HAL_Driver/Src/stm32f4xx_hal_cortex.o
LOAD ./Drivers/STM32F4xx_HAL_Driver/Src/stm32f4xx_hal_dma.o
LOAD ./Drivers/STM32F4xx_HAL_Driver/Src/stm32f4xx_hal_dma_ex.o
LOAD ./Drivers/STM32F4xx_HAL_Driver/Src/stm32f4xx_hal_exti.o
LOAD ./Drivers/STM32F4xx_HAL_Driver/Src/stm32f4xx_hal_flash.o
LOAD ./Drivers/STM32F4xx_HAL_Driver/Src/stm32f4xx_hal_flash_ex.o
LOAD ./Drivers/STM32F4xx_HAL_Driver/Src/stm32f4xx_hal_flash_ramfunc.o
LOAD ./Drivers/STM32F4xx_HAL_Driver/Src/stm32f4xx_hal_gpio.o
LOAD ./Drivers/STM32F4xx_HAL_Driver/Src/stm32f4xx_hal_i2c.o
LOAD ./Drivers/STM32F4xx_HAL_Driver/Src/stm32f4xx_hal_i2c_ex.o
LOAD ./Drivers/STM32F4xx_HAL_Driver/Src/stm32f4xx_hal_pwr.o
LOAD ./Drivers/STM32F4xx_HAL_Driver/Src/stm32f4xx_hal_pwr_ex.o
LOAD ./Drivers/STM32F4xx_HAL_Driver/Src/stm32f4xx_hal_rcc.o
LOAD ./Drivers/STM32F4xx_HAL_Driver/Src/stm32f4xx_hal_rcc_ex.o
LOAD ./Drivers/STM32F4xx_HAL_Driver/Src/stm32f4xx_hal_tim.o
LOAD ./Drivers/STM32F4xx_HAL_Driver/Src/stm32f4xx_hal_tim_ex.o
LOAD ./Drivers/STM32F4xx_HAL_Driver/Src/stm32f4xx_hal_uart.o
LOAD ./Drivers/STM32F4xx_HAL_Driver/Src/stm32f4xx_ll_adc.o
START GROUP
LOAD /opt/st/stm32cubeide_1.13.2/plugins/com.st.stm32cube.ide.mcu.externaltools.gnu-tools-for-stm32.11.3.rel1.linux64_1.1.1.202309131626/tools/bin/../lib/gcc/arm-none-eabi/11.3.1/../../../../arm-none-eabi/lib/thumb/v7e-m+fp/hard/libc_nano.a
LOAD /opt/st/stm32cubeide_1.13.2/plugins/com.st.stm32cube.ide.mcu.externaltools.gnu-tools-for-stm32.11.3.rel1.linux64_1.1.1.202309131626/tools/bin/../lib/gcc/arm-none-eabi/11.3.1/../../../../arm-none-eabi/lib/thumb/v7e-m+fp/hard/libm.a
END GROUP
START GROUP
LOAD /opt/st/stm32cubeide_1.13.2/plugins/com.st.stm32cube.ide.mcu.externaltools.gnu-tools-for-stm32.11.3.rel1.linux64_1.1.1.202309131626/tools/bin/../lib/gcc/arm-none-eabi/11.3.1/thumb/v7e-m+fp/hard/libgcc.a
LOAD /opt/st/stm32cubeide_1.13.2/plugins/com.st.stm32cube.ide.mcu.externaltools.gnu-tools-for-stm32.11.3.rel1.linux64_1.1.1.202309131626/tools/bin/../lib/gcc/arm-none-eabi/11.3.1/../../../../arm-none-eabi/lib/thumb/v7e-m+fp/hard/libc_nano.a
END GROUP
START GROUP
LOAD /opt/st/stm32cubeide_1.13.2/plugins/com.st.stm32cube.ide.mcu.externaltools.gnu-tools-for-stm32.11.3.rel1.linux64_1.1.1.202309131626/tools/bin/../lib/gcc/arm-none-eabi/11.3.1/thumb/v7e-m+fp/hard/libgcc.a
LOAD /opt/st/stm32cubeide_1.13.2/plugins/com.st.stm32cube.ide.mcu.externaltools.gnu-tools-for-stm32.11.3.rel1.linux64_1.1.1.202309131626/tools/bin/../lib/gcc/arm-none-eabi/11.3.1/../../../../arm-none-eabi/lib/thumb/v7e-m+fp/hard/libc_nano.a
LOAD /opt/st/stm32cubeide_1.13.2/plugins/com.st.stm32cube.ide.mcu.externaltools.gnu-tools-for-stm32.11.3.rel1.linux64_1.1.1.202309131626/tools/bin/../lib/gcc/arm-none-eabi/11.3.1/../../../../arm-none-eabi/lib/thumb/v7e-m+fp/hard/libnosys.a
END GROUP
START GROUP
LOAD /opt/st/stm32cubeide_1.13.2/plugins/com.st.stm32cube.ide.mcu.externaltools.gnu-tools-for-stm32.11.3.rel1.linux64_1.1.1.202309131626/tools/bin/../lib/gcc/arm-none-eabi/11.3.1/thumb/v7e-m+fp/hard/libgcc.a
LOAD /opt/st/stm32cubeide_1.13.2/plugins/com.st.stm32cube.ide.mcu.externaltools.gnu-tools-for-stm32.11.3.rel1.linux64_1.1.1.202309131626/tools/bin/../lib/gcc/arm-none-eabi/11.3.1/../../../../arm-none-eabi/lib/thumb/v7e-m+fp/hard/libc_nano.a
LOAD /opt/st/stm32cubeide_1.13.2/plugins/com.st.stm32cube.ide.mcu.externaltools.gnu-tools-for-stm32.11.3.rel1.linux64_1.1.1.202309131626/tools/bin/../lib/gcc/arm-none-eabi/11.3.1/../../../../arm-none-eabi/lib/thumb/v7e-m+fp/hard/libnosys.a
END GROUP
LOAD /opt/st/stm32cubeide_1.13.2/plugins/com.st.stm32cube.ide.mcu.externaltools.gnu-tools-for-stm32.11.3.rel1.linux64_1.1.1.202309131626/tools/bin/../lib/gcc/arm-none-eabi/11.3.1/thumb/v7e-m+fp/hard/crtend.o
LOAD /opt/st/stm32cubeide_1.13.2/plugins/com.st.stm32cube.ide.mcu.externaltools.gnu-tools-for-stm32.11.3.rel1.linux64_1.1.1.202309131626/tools/bin/../lib/gcc/arm-none-eabi/11.3.1/thumb/v7e-m+fp/hard/crtn.o
                0x0000000020020000                _estack = (ORIGIN (RAM) + LENGTH (RAM))
                0x0000000000000200                _Min_Heap_Size = 0x200
                0x0000000000000400                _Min_Stack_Size = 0x400

.isr_vector     0x0000000008000000      0x1c4
                0x0000000008000000                . = ALIGN (0x4)
 *(.isr_vector)
 .isr_vector    0x0000000008000000      0x1c4 ./Core/Startup/startup_stm32f446retx.o
                0x0000000008000000                g_pfnVectors
                0x00000000080001c4                . = ALIGN (0x4)

.text           0x00000000080001c8     0x5020
                0x00000000080001c8                . = ALIGN (0x4)
 *(.text)
 .text          0x00000000080001c8       0x40 /opt/st/stm32cubeide_1.13.2/plugins/com.st.stm32cube.ide.mcu.externaltools.gnu-tools-for-stm32.11.3.rel1.linux64_1.1.1.202309131626/tools/bin/../lib/gcc/arm-none-eabi/11.3.1/thumb/v7e-m+fp/hard/crtbegin.o
 .text          0x0000000008000208      0x378 /opt/st/stm32cubeide_1.13.2/plugins/com.st.stm32cube.ide.mcu.externaltools.gnu-tools-for-stm32.11.3.rel1.linux64_1.1.1.202309131626/tools/bin/../lib/gcc/arm-none-eabi/11.3.1/thumb/v7e-m+fp/hard/libgcc.a(_arm_addsubdf3.o)
                0x0000000008000208                __aeabi_drsub
                0x0000000008000210                __aeabi_dsub
                0x0000000008000210                __subdf3
                0x0000000008000214                __adddf3
                0x0000000008000214                __aeabi_dadd
                0x000000000800048c                __aeabi_ui2d
                0x000000000800048c                __floatunsidf
                0x00000000080004ac                __floatsidf
                0x00000000080004ac                __aeabi_i2d
                0x00000000080004d0                __extendsfdf2
                0x00000000080004d0                __aeabi_f2d
                0x0000000008000514                __aeabi_ul2d
                0x0000000008000514                __floatundidf
                0x0000000008000524                __floatdidf
                0x0000000008000524                __aeabi_l2d
 .text          0x0000000008000580      0x424 /opt/st/stm32cubeide_1.13.2/plugins/com.st.stm32cube.ide.mcu.externaltools.gnu-tools-for-stm32.11.3.rel1.linux64_1.1.1.202309131626/tools/bin/../lib/gcc/arm-none-eabi/11.3.1/thumb/v7e-m+fp/hard/libgcc.a(_arm_muldivdf3.o)
                0x0000000008000580                __aeabi_dmul
                0x0000000008000580                __muldf3
                0x00000000080007d4                __aeabi_ddiv
                0x00000000080007d4                __divdf3
 .text          0x00000000080009a4      0x110 /opt/st/stm32cubeide_1.13.2/plugins/com.st.stm32cube.ide.mcu.externaltools.gnu-tools-for-stm32.11.3.rel1.linux64_1.1.1.202309131626/tools/bin/../lib/gcc/arm-none-eabi/11.3.1/thumb/v7e-m+fp/hard/libgcc.a(_arm_cmpdf2.o)
                0x00000000080009a4                __gtdf2
                0x00000000080009a4                __gedf2
                0x00000000080009ac                __ltdf2
                0x00000000080009ac                __ledf2
                0x00000000080009b4                __cmpdf2
                0x00000000080009b4                __eqdf2
                0x00000000080009b4                __nedf2
                0x0000000008000a30                __aeabi_cdrcmple
                0x0000000008000a40                __aeabi_cdcmple
                0x0000000008000a40                __aeabi_cdcmpeq
                0x0000000008000a50                __aeabi_dcmpeq
                0x0000000008000a64                __aeabi_dcmplt
                0x0000000008000a78                __aeabi_dcmple
                0x0000000008000a8c                __aeabi_dcmpge
                0x0000000008000aa0                __aeabi_dcmpgt
 .text          0x0000000008000ab4       0x40 /opt/st/stm32cubeide_1.13.2/plugins/com.st.stm32cube.ide.mcu.externaltools.gnu-tools-for-stm32.11.3.rel1.linux64_1.1.1.202309131626/tools/bin/../lib/gcc/arm-none-eabi/11.3.1/thumb/v7e-m+fp/hard/libgcc.a(_arm_fixunsdfsi.o)
                0x0000000008000ab4                __fixunsdfsi
                0x0000000008000ab4                __aeabi_d2uiz
 .text          0x0000000008000af4       0xa0 /opt/st/stm32cubeide_1.13.2/plugins/com.st.stm32cube.ide.mcu.externaltools.gnu-tools-for-stm32.11.3.rel1.linux64_1.1.1.202309131626/tools/bin/../lib/gcc/arm-none-eabi/11.3.1/thumb/v7e-m+fp/hard/libgcc.a(_arm_truncdfsf2.o)
                0x0000000008000af4                __aeabi_d2f
                0x0000000008000af4                __truncdfsf2
 .text          0x0000000008000b94       0x30 /opt/st/stm32cubeide_1.13.2/plugins/com.st.stm32cube.ide.mcu.externaltools.gnu-tools-for-stm32.11.3.rel1.linux64_1.1.1.202309131626/tools/bin/../lib/gcc/arm-none-eabi/11.3.1/thumb/v7e-m+fp/hard/libgcc.a(_aeabi_uldivmod.o)
                0x0000000008000b94                __aeabi_uldivmod
 .text          0x0000000008000bc4      0x2c8 /opt/st/stm32cubeide_1.13.2/plugins/com.st.stm32cube.ide.mcu.externaltools.gnu-tools-for-stm32.11.3.rel1.linux64_1.1.1.202309131626/tools/bin/../lib/gcc/arm-none-eabi/11.3.1/thumb/v7e-m+fp/hard/libgcc.a(_udivmoddi4.o)
                0x0000000008000bc4                __udivmoddi4
 .text          0x0000000008000e8c        0x4 /opt/st/stm32cubeide_1.13.2/plugins/com.st.stm32cube.ide.mcu.externaltools.gnu-tools-for-stm32.11.3.rel1.linux64_1.1.1.202309131626/tools/bin/../lib/gcc/arm-none-eabi/11.3.1/thumb/v7e-m+fp/hard/libgcc.a(_dvmd_tls.o)
                0x0000000008000e8c                __aeabi_ldiv0
                0x0000000008000e8c                __aeabi_idiv0
 *(.text*)
 .text.MAP      0x0000000008000e90       0x38 ./Core/Src/main.o
                0x0000000008000e90                MAP
 .text.main     0x0000000008000ec8      0x4b8 ./Core/Src/main.o
                0x0000000008000ec8                main
 .text.SystemClock_Config
                0x0000000008001380       0xdc ./Core/Src/main.o
                0x0000000008001380                SystemClock_Config
 .text.MX_ADC1_Init
                0x000000000800145c      0x100 ./Core/Src/main.o
 .text.MX_I2C1_Init
                0x000000000800155c       0x5c ./Core/Src/main.o
 .text.MX_USART2_UART_Init
                0x00000000080015b8       0x54 ./Core/Src/main.o
 .text.MX_GPIO_Init
                0x000000000800160c       0xf8 ./Core/Src/main.o
 .text.Error_Handler
                0x0000000008001704        0xa ./Core/Src/main.o
                0x0000000008001704                Error_Handler
 *fill*         0x000000000800170e        0x2 
 .text.PCA9685_SetBit
                0x0000000008001710       0xb4 ./Core/Src/pca9685.o
                0x0000000008001710                PCA9685_SetBit
 .text.PCA9685_SoftwareReset
                0x00000000080017c4       0x34 ./Core/Src/pca9685.o
                0x00000000080017c4                PCA9685_SoftwareReset
 .text.PCA9685_SleepMode
                0x00000000080017f8       0x20 ./Core/Src/pca9685.o
                0x00000000080017f8                PCA9685_SleepMode
 .text.PCA9685_RestartMode
                0x0000000008001818       0x20 ./Core/Src/pca9685.o
                0x0000000008001818                PCA9685_RestartMode
 .text.PCA9685_AutoIncrement
                0x0000000008001838       0x20 ./Core/Src/pca9685.o
                0x0000000008001838                PCA9685_AutoIncrement
 .text.PCA9685_SetPwmFrequency
                0x0000000008001858       0xf8 ./Core/Src/pca9685.o
                0x0000000008001858                PCA9685_SetPwmFrequency
 .text.PCA9685_SetPwm
                0x0000000008001950       0x74 ./Core/Src/pca9685.o
                0x0000000008001950                PCA9685_SetPwm
 .text.PCA9685_SetPin
                0x00000000080019c4       0xbc ./Core/Src/pca9685.o
                0x00000000080019c4                PCA9685_SetPin
 .text.PCA9685_SetServoAngle
                0x0000000008001a80       0xc0 ./Core/Src/pca9685.o
                0x0000000008001a80                PCA9685_SetServoAngle
 .text.PCA9685_Init
                0x0000000008001b40       0x2c ./Core/Src/pca9685.o
                0x0000000008001b40                PCA9685_Init
 .text.HAL_MspInit
                0x0000000008001b6c       0x50 ./Core/Src/stm32f4xx_hal_msp.o
                0x0000000008001b6c                HAL_MspInit
 .text.HAL_ADC_MspInit
                0x0000000008001bbc       0xc0 ./Core/Src/stm32f4xx_hal_msp.o
                0x0000000008001bbc                HAL_ADC_MspInit
 .text.HAL_I2C_MspInit
                0x0000000008001c7c       0x90 ./Core/Src/stm32f4xx_hal_msp.o
                0x0000000008001c7c                HAL_I2C_MspInit
 .text.HAL_UART_MspInit
                0x0000000008001d0c       0x90 ./Core/Src/stm32f4xx_hal_msp.o
                0x0000000008001d0c                HAL_UART_MspInit
 .text.NMI_Handler
                0x0000000008001d9c        0x6 ./Core/Src/stm32f4xx_it.o
                0x0000000008001d9c                NMI_Handler
 .text.HardFault_Handler
                0x0000000008001da2        0x6 ./Core/Src/stm32f4xx_it.o
                0x0000000008001da2                HardFault_Handler
 .text.MemManage_Handler
                0x0000000008001da8        0x6 ./Core/Src/stm32f4xx_it.o
                0x0000000008001da8                MemManage_Handler
 .text.BusFault_Handler
                0x0000000008001dae        0x6 ./Core/Src/stm32f4xx_it.o
                0x0000000008001dae                BusFault_Handler
 .text.UsageFault_Handler
                0x0000000008001db4        0x6 ./Core/Src/stm32f4xx_it.o
                0x0000000008001db4                UsageFault_Handler
 .text.SVC_Handler
                0x0000000008001dba        0xe ./Core/Src/stm32f4xx_it.o
                0x0000000008001dba                SVC_Handler
 .text.DebugMon_Handler
                0x0000000008001dc8        0xe ./Core/Src/stm32f4xx_it.o
                0x0000000008001dc8                DebugMon_Handler
 .text.PendSV_Handler
                0x0000000008001dd6        0xe ./Core/Src/stm32f4xx_it.o
                0x0000000008001dd6                PendSV_Handler
 .text.SysTick_Handler
                0x0000000008001de4        0xc ./Core/Src/stm32f4xx_it.o
                0x0000000008001de4                SysTick_Handler
 .text.SystemInit
                0x0000000008001df0       0x24 ./Core/Src/system_stm32f4xx.o
                0x0000000008001df0                SystemInit
 .text.Reset_Handler
                0x0000000008001e14       0x50 ./Core/Startup/startup_stm32f446retx.o
                0x0000000008001e14                Reset_Handler
 .text.Default_Handler
                0x0000000008001e64        0x2 ./Core/Startup/startup_stm32f446retx.o
                0x0000000008001e64                RTC_Alarm_IRQHandler
                0x0000000008001e64                EXTI2_IRQHandler
                0x0000000008001e64                TIM8_CC_IRQHandler
                0x0000000008001e64                FMPI2C1_EV_IRQHandler
                0x0000000008001e64                SPI4_IRQHandler
                0x0000000008001e64                TIM1_CC_IRQHandler
                0x0000000008001e64                DMA2_Stream5_IRQHandler
                0x0000000008001e64                DMA1_Stream5_IRQHandler
                0x0000000008001e64                PVD_IRQHandler
                0x0000000008001e64                SDIO_IRQHandler
                0x0000000008001e64                TAMP_STAMP_IRQHandler
                0x0000000008001e64                CAN2_RX1_IRQHandler
                0x0000000008001e64                EXTI3_IRQHandler
                0x0000000008001e64                TIM8_TRG_COM_TIM14_IRQHandler
                0x0000000008001e64                TIM1_UP_TIM10_IRQHandler
                0x0000000008001e64                TIM8_UP_TIM13_IRQHandler
                0x0000000008001e64                I2C3_ER_IRQHandler
                0x0000000008001e64                EXTI0_IRQHandler
                0x0000000008001e64                I2C2_EV_IRQHandler
                0x0000000008001e64                DMA1_Stream2_IRQHandler
                0x0000000008001e64                CAN1_RX0_IRQHandler
                0x0000000008001e64                FPU_IRQHandler
                0x0000000008001e64                OTG_HS_WKUP_IRQHandler
                0x0000000008001e64                CAN2_SCE_IRQHandler
                0x0000000008001e64                DMA2_Stream2_IRQHandler
                0x0000000008001e64                SPI1_IRQHandler
                0x0000000008001e64                TIM6_DAC_IRQHandler
                0x0000000008001e64                TIM1_BRK_TIM9_IRQHandler
                0x0000000008001e64                DCMI_IRQHandler
                0x0000000008001e64                CAN2_RX0_IRQHandler
                0x0000000008001e64                DMA2_Stream3_IRQHandler
                0x0000000008001e64                SAI2_IRQHandler
                0x0000000008001e64                USART6_IRQHandler
                0x0000000008001e64                USART3_IRQHandler
                0x0000000008001e64                CAN1_RX1_IRQHandler
                0x0000000008001e64                UART5_IRQHandler
                0x0000000008001e64                DMA2_Stream0_IRQHandler
                0x0000000008001e64                TIM4_IRQHandler
                0x0000000008001e64                QUADSPI_IRQHandler
                0x0000000008001e64                I2C1_EV_IRQHandler
                0x0000000008001e64                DMA1_Stream6_IRQHandler
                0x0000000008001e64                DMA1_Stream1_IRQHandler
                0x0000000008001e64                UART4_IRQHandler
                0x0000000008001e64                TIM3_IRQHandler
                0x0000000008001e64                RCC_IRQHandler
                0x0000000008001e64                TIM8_BRK_TIM12_IRQHandler
                0x0000000008001e64                Default_Handler
                0x0000000008001e64                CEC_IRQHandler
                0x0000000008001e64                EXTI15_10_IRQHandler
                0x0000000008001e64                ADC_IRQHandler
                0x0000000008001e64                DMA1_Stream7_IRQHandler
                0x0000000008001e64                TIM7_IRQHandler
                0x0000000008001e64                CAN2_TX_IRQHandler
                0x0000000008001e64                TIM5_IRQHandler
                0x0000000008001e64                DMA2_Stream7_IRQHandler
                0x0000000008001e64                I2C3_EV_IRQHandler
                0x0000000008001e64                EXTI9_5_IRQHandler
                0x0000000008001e64                RTC_WKUP_IRQHandler
                0x0000000008001e64                SPDIF_RX_IRQHandler
                0x0000000008001e64                SPI2_IRQHandler
                0x0000000008001e64                OTG_HS_EP1_IN_IRQHandler
                0x0000000008001e64                DMA1_Stream0_IRQHandler
                0x0000000008001e64                CAN1_TX_IRQHandler
                0x0000000008001e64                FMPI2C1_ER_IRQHandler
                0x0000000008001e64                EXTI4_IRQHandler
                0x0000000008001e64                OTG_HS_EP1_OUT_IRQHandler
                0x0000000008001e64                WWDG_IRQHandler
                0x0000000008001e64                TIM2_IRQHandler
                0x0000000008001e64                OTG_FS_WKUP_IRQHandler
                0x0000000008001e64                TIM1_TRG_COM_TIM11_IRQHandler
                0x0000000008001e64                OTG_HS_IRQHandler
                0x0000000008001e64                EXTI1_IRQHandler
                0x0000000008001e64                USART2_IRQHandler
                0x0000000008001e64                I2C2_ER_IRQHandler
                0x0000000008001e64                DMA2_Stream1_IRQHandler
                0x0000000008001e64                CAN1_SCE_IRQHandler
                0x0000000008001e64                FLASH_IRQHandler
                0x0000000008001e64                DMA2_Stream4_IRQHandler
                0x0000000008001e64                USART1_IRQHandler
                0x0000000008001e64                OTG_FS_IRQHandler
                0x0000000008001e64                SPI3_IRQHandler
                0x0000000008001e64                DMA1_Stream4_IRQHandler
                0x0000000008001e64                I2C1_ER_IRQHandler
                0x0000000008001e64                FMC_IRQHandler
                0x0000000008001e64                DMA2_Stream6_IRQHandler
                0x0000000008001e64                SAI1_IRQHandler
                0x0000000008001e64                DMA1_Stream3_IRQHandler
 *fill*         0x0000000008001e66        0x2 
 .text.HAL_Init
                0x0000000008001e68       0x44 ./Drivers/STM32F4xx_HAL_Driver/Src/stm32f4xx_hal.o
                0x0000000008001e68                HAL_Init
 .text.HAL_InitTick
                0x0000000008001eac       0x60 ./Drivers/STM32F4xx_HAL_Driver/Src/stm32f4xx_hal.o
                0x0000000008001eac                HAL_InitTick
 .text.HAL_IncTick
                0x0000000008001f0c       0x28 ./Drivers/STM32F4xx_HAL_Driver/Src/stm32f4xx_hal.o
                0x0000000008001f0c                HAL_IncTick
 .text.HAL_GetTick
                0x0000000008001f34       0x18 ./Drivers/STM32F4xx_HAL_Driver/Src/stm32f4xx_hal.o
                0x0000000008001f34                HAL_GetTick
 .text.HAL_Delay
                0x0000000008001f4c       0x48 ./Drivers/STM32F4xx_HAL_Driver/Src/stm32f4xx_hal.o
                0x0000000008001f4c                HAL_Delay
 .text.HAL_ADC_Init
                0x0000000008001f94       0x86 ./Drivers/STM32F4xx_HAL_Driver/Src/stm32f4xx_hal_adc.o
                0x0000000008001f94                HAL_ADC_Init
 *fill*         0x000000000800201a        0x2 
 .text.HAL_ADC_Start
                0x000000000800201c      0x1a4 ./Drivers/STM32F4xx_HAL_Driver/Src/stm32f4xx_hal_adc.o
                0x000000000800201c                HAL_ADC_Start
 .text.HAL_ADC_PollForConversion
                0x00000000080021c0      0x116 ./Drivers/STM32F4xx_HAL_Driver/Src/stm32f4xx_hal_adc.o
                0x00000000080021c0                HAL_ADC_PollForConversion
 .text.HAL_ADC_GetValue
                0x00000000080022d6       0x1a ./Drivers/STM32F4xx_HAL_Driver/Src/stm32f4xx_hal_adc.o
                0x00000000080022d6                HAL_ADC_GetValue
 .text.HAL_ADC_ConfigChannel
                0x00000000080022f0      0x264 ./Drivers/STM32F4xx_HAL_Driver/Src/stm32f4xx_hal_adc.o
                0x00000000080022f0                HAL_ADC_ConfigChannel
 .text.ADC_Init
                0x0000000008002554      0x1f8 ./Drivers/STM32F4xx_HAL_Driver/Src/stm32f4xx_hal_adc.o
 .text.__NVIC_SetPriorityGrouping
                0x000000000800274c       0x48 ./Drivers/STM32F4xx_HAL_Driver/Src/stm32f4xx_hal_cortex.o
 .text.__NVIC_GetPriorityGrouping
                0x0000000008002794       0x1c ./Drivers/STM32F4xx_HAL_Driver/Src/stm32f4xx_hal_cortex.o
 .text.__NVIC_SetPriority
                0x00000000080027b0       0x54 ./Drivers/STM32F4xx_HAL_Driver/Src/stm32f4xx_hal_cortex.o
 .text.NVIC_EncodePriority
                0x0000000008002804       0x66 ./Drivers/STM32F4xx_HAL_Driver/Src/stm32f4xx_hal_cortex.o
 *fill*         0x000000000800286a        0x2 
 .text.SysTick_Config
                0x000000000800286c       0x44 ./Drivers/STM32F4xx_HAL_Driver/Src/stm32f4xx_hal_cortex.o
 .text.HAL_NVIC_SetPriorityGrouping
                0x00000000080028b0       0x16 ./Drivers/STM32F4xx_HAL_Driver/Src/stm32f4xx_hal_cortex.o
                0x00000000080028b0                HAL_NVIC_SetPriorityGrouping
 .text.HAL_NVIC_SetPriority
                0x00000000080028c6       0x38 ./Drivers/STM32F4xx_HAL_Driver/Src/stm32f4xx_hal_cortex.o
                0x00000000080028c6                HAL_NVIC_SetPriority
 .text.HAL_SYSTICK_Config
                0x00000000080028fe       0x18 ./Drivers/STM32F4xx_HAL_Driver/Src/stm32f4xx_hal_cortex.o
                0x00000000080028fe                HAL_SYSTICK_Config
 *fill*         0x0000000008002916        0x2 
 .text.HAL_GPIO_Init
                0x0000000008002918      0x328 ./Drivers/STM32F4xx_HAL_Driver/Src/stm32f4xx_hal_gpio.o
                0x0000000008002918                HAL_GPIO_Init
 .text.HAL_GPIO_ReadPin
                0x0000000008002c40       0x30 ./Drivers/STM32F4xx_HAL_Driver/Src/stm32f4xx_hal_gpio.o
                0x0000000008002c40                HAL_GPIO_ReadPin
 .text.HAL_GPIO_WritePin
                0x0000000008002c70       0x32 ./Drivers/STM32F4xx_HAL_Driver/Src/stm32f4xx_hal_gpio.o
                0x0000000008002c70                HAL_GPIO_WritePin
 *fill*         0x0000000008002ca2        0x2 
 .text.HAL_I2C_Init
                0x0000000008002ca4      0x288 ./Drivers/STM32F4xx_HAL_Driver/Src/stm32f4xx_hal_i2c.o
                0x0000000008002ca4                HAL_I2C_Init
 .text.HAL_I2C_Master_Transmit
                0x0000000008002f2c      0x1fc ./Drivers/STM32F4xx_HAL_Driver/Src/stm32f4xx_hal_i2c.o
                0x0000000008002f2c                HAL_I2C_Master_Transmit
 .text.HAL_I2C_Mem_Write
                0x0000000008003128      0x1f4 ./Drivers/STM32F4xx_HAL_Driver/Src/stm32f4xx_hal_i2c.o
                0x0000000008003128                HAL_I2C_Mem_Write
 .text.HAL_I2C_Mem_Read
                0x000000000800331c      0x44c ./Drivers/STM32F4xx_HAL_Driver/Src/stm32f4xx_hal_i2c.o
                0x000000000800331c                HAL_I2C_Mem_Read
 .text.I2C_MasterRequestWrite
                0x0000000008003768      0x104 ./Drivers/STM32F4xx_HAL_Driver/Src/stm32f4xx_hal_i2c.o
 .text.I2C_RequestMemoryWrite
                0x000000000800386c      0x12c ./Drivers/STM32F4xx_HAL_Driver/Src/stm32f4xx_hal_i2c.o
 .text.I2C_RequestMemoryRead
                0x0000000008003998      0x1d0 ./Drivers/STM32F4xx_HAL_Driver/Src/stm32f4xx_hal_i2c.o
 .text.I2C_WaitOnFlagUntilTimeout
                0x0000000008003b68       0xae ./Drivers/STM32F4xx_HAL_Driver/Src/stm32f4xx_hal_i2c.o
 .text.I2C_WaitOnMasterAddressFlagUntilTimeout
                0x0000000008003c16       0xfe ./Drivers/STM32F4xx_HAL_Driver/Src/stm32f4xx_hal_i2c.o
 .text.I2C_WaitOnTXEFlagUntilTimeout
                0x0000000008003d14       0x82 ./Drivers/STM32F4xx_HAL_Driver/Src/stm32f4xx_hal_i2c.o
 .text.I2C_WaitOnBTFFlagUntilTimeout
                0x0000000008003d96       0x82 ./Drivers/STM32F4xx_HAL_Driver/Src/stm32f4xx_hal_i2c.o
 .text.I2C_WaitOnRXNEFlagUntilTimeout
                0x0000000008003e18       0xac ./Drivers/STM32F4xx_HAL_Driver/Src/stm32f4xx_hal_i2c.o
 .text.I2C_IsAcknowledgeFailed
                0x0000000008003ec4       0x5e ./Drivers/STM32F4xx_HAL_Driver/Src/stm32f4xx_hal_i2c.o
 *fill*         0x0000000008003f22        0x2 
 .text.HAL_RCC_ClockConfig
                0x0000000008003f24      0x1cc ./Drivers/STM32F4xx_HAL_Driver/Src/stm32f4xx_hal_rcc.o
                0x0000000008003f24                HAL_RCC_ClockConfig
 .text.HAL_RCC_GetHCLKFreq
                0x00000000080040f0       0x18 ./Drivers/STM32F4xx_HAL_Driver/Src/stm32f4xx_hal_rcc.o
                0x00000000080040f0                HAL_RCC_GetHCLKFreq
 .text.HAL_RCC_GetPCLK1Freq
                0x0000000008004108       0x28 ./Drivers/STM32F4xx_HAL_Driver/Src/stm32f4xx_hal_rcc.o
                0x0000000008004108                HAL_RCC_GetPCLK1Freq
 .text.HAL_RCC_GetPCLK2Freq
                0x0000000008004130       0x28 ./Drivers/STM32F4xx_HAL_Driver/Src/stm32f4xx_hal_rcc.o
                0x0000000008004130                HAL_RCC_GetPCLK2Freq
 .text.HAL_RCC_GetSysClockFreq
                0x0000000008004158      0x460 ./Drivers/STM32F4xx_HAL_Driver/Src/stm32f4xx_hal_rcc_ex.o
                0x0000000008004158                HAL_RCC_GetSysClockFreq
 .text.HAL_RCC_OscConfig
                0x00000000080045b8      0x53c ./Drivers/STM32F4xx_HAL_Driver/Src/stm32f4xx_hal_rcc_ex.o
                0x00000000080045b8                HAL_RCC_OscConfig
 .text.HAL_UART_Init
                0x0000000008004af4       0x9a ./Drivers/STM32F4xx_HAL_Driver/Src/stm32f4xx_hal_uart.o
                0x0000000008004af4                HAL_UART_Init
 *fill*         0x0000000008004b8e        0x2 
 .text.UART_SetConfig
                0x0000000008004b90      0x4e8 ./Drivers/STM32F4xx_HAL_Driver/Src/stm32f4xx_hal_uart.o
 .text.memset   0x0000000008005078       0x10 /opt/st/stm32cubeide_1.13.2/plugins/com.st.stm32cube.ide.mcu.externaltools.gnu-tools-for-stm32.11.3.rel1.linux64_1.1.1.202309131626/tools/bin/../lib/gcc/arm-none-eabi/11.3.1/../../../../arm-none-eabi/lib/thumb/v7e-m+fp/hard/libc_nano.a(libc_a-memset.o)
                0x0000000008005078                memset
 .text.__libc_init_array
                0x0000000008005088       0x48 /opt/st/stm32cubeide_1.13.2/plugins/com.st.stm32cube.ide.mcu.externaltools.gnu-tools-for-stm32.11.3.rel1.linux64_1.1.1.202309131626/tools/bin/../lib/gcc/arm-none-eabi/11.3.1/../../../../arm-none-eabi/lib/thumb/v7e-m+fp/hard/libc_nano.a(libc_a-init.o)
                0x0000000008005088                __libc_init_array
 .text.floor    0x00000000080050d0      0x100 /opt/st/stm32cubeide_1.13.2/plugins/com.st.stm32cube.ide.mcu.externaltools.gnu-tools-for-stm32.11.3.rel1.linux64_1.1.1.202309131626/tools/bin/../lib/gcc/arm-none-eabi/11.3.1/../../../../arm-none-eabi/lib/thumb/v7e-m+fp/hard/libm.a(libm_a-s_floor.o)
                0x00000000080050d0                floor
 *(.glue_7)
 .glue_7        0x00000000080051d0        0x0 linker stubs
 *(.glue_7t)
 .glue_7t       0x00000000080051d0        0x0 linker stubs
 *(.eh_frame)
 .eh_frame      0x00000000080051d0        0x0 /opt/st/stm32cubeide_1.13.2/plugins/com.st.stm32cube.ide.mcu.externaltools.gnu-tools-for-stm32.11.3.rel1.linux64_1.1.1.202309131626/tools/bin/../lib/gcc/arm-none-eabi/11.3.1/thumb/v7e-m+fp/hard/crtbegin.o
 *(.init)
 .init          0x00000000080051d0        0x4 /opt/st/stm32cubeide_1.13.2/plugins/com.st.stm32cube.ide.mcu.externaltools.gnu-tools-for-stm32.11.3.rel1.linux64_1.1.1.202309131626/tools/bin/../lib/gcc/arm-none-eabi/11.3.1/thumb/v7e-m+fp/hard/crti.o
                0x00000000080051d0                _init
 .init          0x00000000080051d4        0x8 /opt/st/stm32cubeide_1.13.2/plugins/com.st.stm32cube.ide.mcu.externaltools.gnu-tools-for-stm32.11.3.rel1.linux64_1.1.1.202309131626/tools/bin/../lib/gcc/arm-none-eabi/11.3.1/thumb/v7e-m+fp/hard/crtn.o
 *(.fini)
 .fini          0x00000000080051dc        0x4 /opt/st/stm32cubeide_1.13.2/plugins/com.st.stm32cube.ide.mcu.externaltools.gnu-tools-for-stm32.11.3.rel1.linux64_1.1.1.202309131626/tools/bin/../lib/gcc/arm-none-eabi/11.3.1/thumb/v7e-m+fp/hard/crti.o
                0x00000000080051dc                _fini
 .fini          0x00000000080051e0        0x8 /opt/st/stm32cubeide_1.13.2/plugins/com.st.stm32cube.ide.mcu.externaltools.gnu-tools-for-stm32.11.3.rel1.linux64_1.1.1.202309131626/tools/bin/../lib/gcc/arm-none-eabi/11.3.1/thumb/v7e-m+fp/hard/crtn.o
                0x00000000080051e8                . = ALIGN (0x4)
                0x00000000080051e8                _etext = .

.vfp11_veneer   0x00000000080051e8        0x0
 .vfp11_veneer  0x00000000080051e8        0x0 linker stubs

.v4_bx          0x00000000080051e8        0x0
 .v4_bx         0x00000000080051e8        0x0 linker stubs

.iplt           0x00000000080051e8        0x0
 .iplt          0x00000000080051e8        0x0 /opt/st/stm32cubeide_1.13.2/plugins/com.st.stm32cube.ide.mcu.externaltools.gnu-tools-for-stm32.11.3.rel1.linux64_1.1.1.202309131626/tools/bin/../lib/gcc/arm-none-eabi/11.3.1/thumb/v7e-m+fp/hard/crtbegin.o

.rodata         0x00000000080051e8       0x18
                0x00000000080051e8                . = ALIGN (0x4)
 *(.rodata)
 *(.rodata*)
 .rodata.AHBPrescTable
                0x00000000080051e8       0x10 ./Core/Src/system_stm32f4xx.o
                0x00000000080051e8                AHBPrescTable
 .rodata.APBPrescTable
                0x00000000080051f8        0x8 ./Core/Src/system_stm32f4xx.o
                0x00000000080051f8                APBPrescTable
                0x0000000008005200                . = ALIGN (0x4)

.ARM.extab      0x0000000008005200        0x0
                0x0000000008005200                . = ALIGN (0x4)
 *(.ARM.extab* .gnu.linkonce.armextab.*)
                0x0000000008005200                . = ALIGN (0x4)

.ARM            0x0000000008005200        0x8
                0x0000000008005200                . = ALIGN (0x4)
                0x0000000008005200                __exidx_start = .
 *(.ARM.exidx*)
 .ARM.exidx     0x0000000008005200        0x8 /opt/st/stm32cubeide_1.13.2/plugins/com.st.stm32cube.ide.mcu.externaltools.gnu-tools-for-stm32.11.3.rel1.linux64_1.1.1.202309131626/tools/bin/../lib/gcc/arm-none-eabi/11.3.1/thumb/v7e-m+fp/hard/libgcc.a(_udivmoddi4.o)
                0x0000000008005208                __exidx_end = .
                0x0000000008005208                . = ALIGN (0x4)

.rel.dyn        0x0000000008005208        0x0
 .rel.iplt      0x0000000008005208        0x0 /opt/st/stm32cubeide_1.13.2/plugins/com.st.stm32cube.ide.mcu.externaltools.gnu-tools-for-stm32.11.3.rel1.linux64_1.1.1.202309131626/tools/bin/../lib/gcc/arm-none-eabi/11.3.1/thumb/v7e-m+fp/hard/crtbegin.o

.preinit_array  0x0000000008005208        0x0
                0x0000000008005208                . = ALIGN (0x4)
                0x0000000008005208                PROVIDE (__preinit_array_start = .)
 *(.preinit_array*)
                0x0000000008005208                PROVIDE (__preinit_array_end = .)
                0x0000000008005208                . = ALIGN (0x4)

.init_array     0x0000000008005208        0x4
                0x0000000008005208                . = ALIGN (0x4)
                0x0000000008005208                PROVIDE (__init_array_start = .)
 *(SORT_BY_NAME(.init_array.*))
 *(.init_array*)
 .init_array    0x0000000008005208        0x4 /opt/st/stm32cubeide_1.13.2/plugins/com.st.stm32cube.ide.mcu.externaltools.gnu-tools-for-stm32.11.3.rel1.linux64_1.1.1.202309131626/tools/bin/../lib/gcc/arm-none-eabi/11.3.1/thumb/v7e-m+fp/hard/crtbegin.o
                0x000000000800520c                PROVIDE (__init_array_end = .)
                0x000000000800520c                . = ALIGN (0x4)

.fini_array     0x000000000800520c        0x4
                0x000000000800520c                . = ALIGN (0x4)
                [!provide]                        PROVIDE (__fini_array_start = .)
 *(SORT_BY_NAME(.fini_array.*))
 *(.fini_array*)
 .fini_array    0x000000000800520c        0x4 /opt/st/stm32cubeide_1.13.2/plugins/com.st.stm32cube.ide.mcu.externaltools.gnu-tools-for-stm32.11.3.rel1.linux64_1.1.1.202309131626/tools/bin/../lib/gcc/arm-none-eabi/11.3.1/thumb/v7e-m+fp/hard/crtbegin.o
                [!provide]                        PROVIDE (__fini_array_end = .)
                0x0000000008005210                . = ALIGN (0x4)
                0x0000000008005210                _sidata = LOADADDR (.data)

.data           0x0000000020000000        0xc load address 0x0000000008005210
                0x0000000020000000                . = ALIGN (0x4)
                0x0000000020000000                _sdata = .
 *(.data)
 *(.data*)
 .data.SystemCoreClock
                0x0000000020000000        0x4 ./Core/Src/system_stm32f4xx.o
                0x0000000020000000                SystemCoreClock
 .data.uwTickPrio
                0x0000000020000004        0x4 ./Drivers/STM32F4xx_HAL_Driver/Src/stm32f4xx_hal.o
                0x0000000020000004                uwTickPrio
 .data.uwTickFreq
                0x0000000020000008        0x1 ./Drivers/STM32F4xx_HAL_Driver/Src/stm32f4xx_hal.o
                0x0000000020000008                uwTickFreq
 *(.RamFunc)
 *(.RamFunc*)
                0x000000002000000c                . = ALIGN (0x4)
 *fill*         0x0000000020000009        0x3 
                0x000000002000000c                _edata = .

.igot.plt       0x000000002000000c        0x0 load address 0x000000000800521c
 .igot.plt      0x000000002000000c        0x0 /opt/st/stm32cubeide_1.13.2/plugins/com.st.stm32cube.ide.mcu.externaltools.gnu-tools-for-stm32.11.3.rel1.linux64_1.1.1.202309131626/tools/bin/../lib/gcc/arm-none-eabi/11.3.1/thumb/v7e-m+fp/hard/crtbegin.o
                0x000000002000000c                . = ALIGN (0x4)

.bss            0x000000002000000c      0x120 load address 0x000000000800521c
                0x000000002000000c                _sbss = .
                0x000000002000000c                __bss_start__ = _sbss
 *(.bss)
 .bss           0x000000002000000c       0x1c /opt/st/stm32cubeide_1.13.2/plugins/com.st.stm32cube.ide.mcu.externaltools.gnu-tools-for-stm32.11.3.rel1.linux64_1.1.1.202309131626/tools/bin/../lib/gcc/arm-none-eabi/11.3.1/thumb/v7e-m+fp/hard/crtbegin.o
 *(.bss*)
 .bss.hadc1     0x0000000020000028       0x48 ./Core/Src/main.o
                0x0000000020000028                hadc1
 .bss.hi2c1     0x0000000020000070       0x54 ./Core/Src/main.o
                0x0000000020000070                hi2c1
 .bss.huart2    0x00000000200000c4       0x44 ./Core/Src/main.o
                0x00000000200000c4                huart2
 .bss.adcRawResults
                0x0000000020000108        0x8 ./Core/Src/main.o
                0x0000000020000108                adcRawResults
 .bss.servoAngles
                0x0000000020000110       0x14 ./Core/Src/main.o
                0x0000000020000110                servoAngles
 .bss.pca9685_i2c
                0x0000000020000124        0x4 ./Core/Src/pca9685.o
                0x0000000020000124                pca9685_i2c
 .bss.uwTick    0x0000000020000128        0x4 ./Drivers/STM32F4xx_HAL_Driver/Src/stm32f4xx_hal.o
                0x0000000020000128                uwTick
 *(COMMON)
                0x000000002000012c                . = ALIGN (0x4)
                0x000000002000012c                _ebss = .
                0x000000002000012c                __bss_end__ = _ebss

._user_heap_stack
                0x000000002000012c      0x604 load address 0x000000000800521c
                0x0000000020000130                . = ALIGN (0x8)
 *fill*         0x000000002000012c        0x4 
                [!provide]                        PROVIDE (end = .)
                0x0000000020000130                PROVIDE (_end = .)
                0x0000000020000330                . = (. + _Min_Heap_Size)
 *fill*         0x0000000020000130      0x200 
                0x0000000020000730                . = (. + _Min_Stack_Size)
 *fill*         0x0000000020000330      0x400 
                0x0000000020000730                . = ALIGN (0x8)

/DISCARD/
 libc.a(*)
 libm.a(*)
 libgcc.a(*)

.ARM.attributes
                0x0000000000000000       0x30
 *(.ARM.attributes)
 .ARM.attributes
                0x0000000000000000       0x1e /opt/st/stm32cubeide_1.13.2/plugins/com.st.stm32cube.ide.mcu.externaltools.gnu-tools-for-stm32.11.3.rel1.linux64_1.1.1.202309131626/tools/bin/../lib/gcc/arm-none-eabi/11.3.1/thumb/v7e-m+fp/hard/crti.o
 .ARM.attributes
                0x000000000000001e       0x34 /opt/st/stm32cubeide_1.13.2/plugins/com.st.stm32cube.ide.mcu.externaltools.gnu-tools-for-stm32.11.3.rel1.linux64_1.1.1.202309131626/tools/bin/../lib/gcc/arm-none-eabi/11.3.1/thumb/v7e-m+fp/hard/crtbegin.o
 .ARM.attributes
                0x0000000000000052       0x34 ./Core/Src/main.o
 .ARM.attributes
                0x0000000000000086       0x34 ./Core/Src/pca9685.o
 .ARM.attributes
                0x00000000000000ba       0x34 ./Core/Src/stm32f4xx_hal_msp.o
 .ARM.attributes
                0x00000000000000ee       0x34 ./Core/Src/stm32f4xx_it.o
 .ARM.attributes
                0x0000000000000122       0x34 ./Core/Src/system_stm32f4xx.o
 .ARM.attributes
                0x0000000000000156       0x21 ./Core/Startup/startup_stm32f446retx.o
 .ARM.attributes
                0x0000000000000177       0x34 ./Drivers/STM32F4xx_HAL_Driver/Src/stm32f4xx_hal.o
 .ARM.attributes
                0x00000000000001ab       0x34 ./Drivers/STM32F4xx_HAL_Driver/Src/stm32f4xx_hal_adc.o
 .ARM.attributes
                0x00000000000001df       0x34 ./Drivers/STM32F4xx_HAL_Driver/Src/stm32f4xx_hal_cortex.o
 .ARM.attributes
                0x0000000000000213       0x34 ./Drivers/STM32F4xx_HAL_Driver/Src/stm32f4xx_hal_gpio.o
 .ARM.attributes
                0x0000000000000247       0x34 ./Drivers/STM32F4xx_HAL_Driver/Src/stm32f4xx_hal_i2c.o
 .ARM.attributes
                0x000000000000027b       0x34 ./Drivers/STM32F4xx_HAL_Driver/Src/stm32f4xx_hal_rcc.o
 .ARM.attributes
                0x00000000000002af       0x34 ./Drivers/STM32F4xx_HAL_Driver/Src/stm32f4xx_hal_rcc_ex.o
 .ARM.attributes
                0x00000000000002e3       0x34 ./Drivers/STM32F4xx_HAL_Driver/Src/stm32f4xx_hal_uart.o
 .ARM.attributes
                0x0000000000000317       0x34 /opt/st/stm32cubeide_1.13.2/plugins/com.st.stm32cube.ide.mcu.externaltools.gnu-tools-for-stm32.11.3.rel1.linux64_1.1.1.202309131626/tools/bin/../lib/gcc/arm-none-eabi/11.3.1/../../../../arm-none-eabi/lib/thumb/v7e-m+fp/hard/libc_nano.a(libc_a-memset.o)
 .ARM.attributes
                0x000000000000034b       0x34 /opt/st/stm32cubeide_1.13.2/plugins/com.st.stm32cube.ide.mcu.externaltools.gnu-tools-for-stm32.11.3.rel1.linux64_1.1.1.202309131626/tools/bin/../lib/gcc/arm-none-eabi/11.3.1/../../../../arm-none-eabi/lib/thumb/v7e-m+fp/hard/libc_nano.a(libc_a-init.o)
 .ARM.attributes
                0x000000000000037f       0x34 /opt/st/stm32cubeide_1.13.2/plugins/com.st.stm32cube.ide.mcu.externaltools.gnu-tools-for-stm32.11.3.rel1.linux64_1.1.1.202309131626/tools/bin/../lib/gcc/arm-none-eabi/11.3.1/../../../../arm-none-eabi/lib/thumb/v7e-m+fp/hard/libm.a(libm_a-s_floor.o)
 .ARM.attributes
                0x00000000000003b3       0x1e /opt/st/stm32cubeide_1.13.2/plugins/com.st.stm32cube.ide.mcu.externaltools.gnu-tools-for-stm32.11.3.rel1.linux64_1.1.1.202309131626/tools/bin/../lib/gcc/arm-none-eabi/11.3.1/thumb/v7e-m+fp/hard/libgcc.a(_arm_addsubdf3.o)
 .ARM.attributes
                0x00000000000003d1       0x1e /opt/st/stm32cubeide_1.13.2/plugins/com.st.stm32cube.ide.mcu.externaltools.gnu-tools-for-stm32.11.3.rel1.linux64_1.1.1.202309131626/tools/bin/../lib/gcc/arm-none-eabi/11.3.1/thumb/v7e-m+fp/hard/libgcc.a(_arm_muldivdf3.o)
 .ARM.attributes
                0x00000000000003ef       0x1e /opt/st/stm32cubeide_1.13.2/plugins/com.st.stm32cube.ide.mcu.externaltools.gnu-tools-for-stm32.11.3.rel1.linux64_1.1.1.202309131626/tools/bin/../lib/gcc/arm-none-eabi/11.3.1/thumb/v7e-m+fp/hard/libgcc.a(_arm_cmpdf2.o)
 .ARM.attributes
                0x000000000000040d       0x1e /opt/st/stm32cubeide_1.13.2/plugins/com.st.stm32cube.ide.mcu.externaltools.gnu-tools-for-stm32.11.3.rel1.linux64_1.1.1.202309131626/tools/bin/../lib/gcc/arm-none-eabi/11.3.1/thumb/v7e-m+fp/hard/libgcc.a(_arm_fixunsdfsi.o)
 .ARM.attributes
                0x000000000000042b       0x1e /opt/st/stm32cubeide_1.13.2/plugins/com.st.stm32cube.ide.mcu.externaltools.gnu-tools-for-stm32.11.3.rel1.linux64_1.1.1.202309131626/tools/bin/../lib/gcc/arm-none-eabi/11.3.1/thumb/v7e-m+fp/hard/libgcc.a(_arm_truncdfsf2.o)
 .ARM.attributes
                0x0000000000000449       0x1e /opt/st/stm32cubeide_1.13.2/plugins/com.st.stm32cube.ide.mcu.externaltools.gnu-tools-for-stm32.11.3.rel1.linux64_1.1.1.202309131626/tools/bin/../lib/gcc/arm-none-eabi/11.3.1/thumb/v7e-m+fp/hard/libgcc.a(_aeabi_uldivmod.o)
 .ARM.attributes
                0x0000000000000467       0x34 /opt/st/stm32cubeide_1.13.2/plugins/com.st.stm32cube.ide.mcu.externaltools.gnu-tools-for-stm32.11.3.rel1.linux64_1.1.1.202309131626/tools/bin/../lib/gcc/arm-none-eabi/11.3.1/thumb/v7e-m+fp/hard/libgcc.a(_udivmoddi4.o)
 .ARM.attributes
                0x000000000000049b       0x1e /opt/st/stm32cubeide_1.13.2/plugins/com.st.stm32cube.ide.mcu.externaltools.gnu-tools-for-stm32.11.3.rel1.linux64_1.1.1.202309131626/tools/bin/../lib/gcc/arm-none-eabi/11.3.1/thumb/v7e-m+fp/hard/libgcc.a(_dvmd_tls.o)
 .ARM.attributes
                0x00000000000004b9       0x1e /opt/st/stm32cubeide_1.13.2/plugins/com.st.stm32cube.ide.mcu.externaltools.gnu-tools-for-stm32.11.3.rel1.linux64_1.1.1.202309131626/tools/bin/../lib/gcc/arm-none-eabi/11.3.1/thumb/v7e-m+fp/hard/crtn.o
OUTPUT(RobotArm_stm32.elf elf32-littlearm)
LOAD linker stubs
LOAD /opt/st/stm32cubeide_1.13.2/plugins/com.st.stm32cube.ide.mcu.externaltools.gnu-tools-for-stm32.11.3.rel1.linux64_1.1.1.202309131626/tools/bin/../lib/gcc/arm-none-eabi/11.3.1/../../../../arm-none-eabi/lib/thumb/v7e-m+fp/hard/libc.a
LOAD /opt/st/stm32cubeide_1.13.2/plugins/com.st.stm32cube.ide.mcu.externaltools.gnu-tools-for-stm32.11.3.rel1.linux64_1.1.1.202309131626/tools/bin/../lib/gcc/arm-none-eabi/11.3.1/../../../../arm-none-eabi/lib/thumb/v7e-m+fp/hard/libm.a
LOAD /opt/st/stm32cubeide_1.13.2/plugins/com.st.stm32cube.ide.mcu.externaltools.gnu-tools-for-stm32.11.3.rel1.linux64_1.1.1.202309131626/tools/bin/../lib/gcc/arm-none-eabi/11.3.1/thumb/v7e-m+fp/hard/libgcc.a

.comment        0x0000000000000000       0x43
 .comment       0x0000000000000000       0x43 /opt/st/stm32cubeide_1.13.2/plugins/com.st.stm32cube.ide.mcu.externaltools.gnu-tools-for-stm32.11.3.rel1.linux64_1.1.1.202309131626/tools/bin/../lib/gcc/arm-none-eabi/11.3.1/thumb/v7e-m+fp/hard/crtbegin.o
                                         0x44 (size before relaxing)
 .comment       0x0000000000000043       0x44 ./Core/Src/main.o
 .comment       0x0000000000000043       0x44 ./Core/Src/pca9685.o
 .comment       0x0000000000000043       0x44 ./Core/Src/stm32f4xx_hal_msp.o
 .comment       0x0000000000000043       0x44 ./Core/Src/stm32f4xx_it.o
 .comment       0x0000000000000043       0x44 ./Core/Src/system_stm32f4xx.o
 .comment       0x0000000000000043       0x44 ./Drivers/STM32F4xx_HAL_Driver/Src/stm32f4xx_hal.o
 .comment       0x0000000000000043       0x44 ./Drivers/STM32F4xx_HAL_Driver/Src/stm32f4xx_hal_adc.o
 .comment       0x0000000000000043       0x44 ./Drivers/STM32F4xx_HAL_Driver/Src/stm32f4xx_hal_cortex.o
 .comment       0x0000000000000043       0x44 ./Drivers/STM32F4xx_HAL_Driver/Src/stm32f4xx_hal_gpio.o
 .comment       0x0000000000000043       0x44 ./Drivers/STM32F4xx_HAL_Driver/Src/stm32f4xx_hal_i2c.o
 .comment       0x0000000000000043       0x44 ./Drivers/STM32F4xx_HAL_Driver/Src/stm32f4xx_hal_rcc.o
 .comment       0x0000000000000043       0x44 ./Drivers/STM32F4xx_HAL_Driver/Src/stm32f4xx_hal_rcc_ex.o
 .comment       0x0000000000000043       0x44 ./Drivers/STM32F4xx_HAL_Driver/Src/stm32f4xx_hal_uart.o

.debug_info     0x0000000000000000     0xc4fa
 .debug_info    0x0000000000000000     0x14af ./Core/Src/main.o
 .debug_info    0x00000000000014af      0x9c6 ./Core/Src/pca9685.o
 .debug_info    0x0000000000001e75      0xf3d ./Core/Src/stm32f4xx_hal_msp.o
 .debug_info    0x0000000000002db2      0x112 ./Core/Src/stm32f4xx_it.o
 .debug_info    0x0000000000002ec4      0x54a ./Core/Src/system_stm32f4xx.o
 .debug_info    0x000000000000340e       0x23 ./Core/Startup/startup_stm32f446retx.o
 .debug_info    0x0000000000003431      0x99e ./Drivers/STM32F4xx_HAL_Driver/Src/stm32f4xx_hal.o
 .debug_info    0x0000000000003dcf      0xcd4 ./Drivers/STM32F4xx_HAL_Driver/Src/stm32f4xx_hal_adc.o
 .debug_info    0x0000000000004aa3      0xd64 ./Drivers/STM32F4xx_HAL_Driver/Src/stm32f4xx_hal_cortex.o
 .debug_info    0x0000000000005807      0x70b ./Drivers/STM32F4xx_HAL_Driver/Src/stm32f4xx_hal_gpio.o
 .debug_info    0x0000000000005f12     0x23ed ./Drivers/STM32F4xx_HAL_Driver/Src/stm32f4xx_hal_i2c.o
 .debug_info    0x00000000000082ff      0x8ed ./Drivers/STM32F4xx_HAL_Driver/Src/stm32f4xx_hal_rcc.o
 .debug_info    0x0000000000008bec      0x956 ./Drivers/STM32F4xx_HAL_Driver/Src/stm32f4xx_hal_rcc_ex.o
 .debug_info    0x0000000000009542     0x2fb8 ./Drivers/STM32F4xx_HAL_Driver/Src/stm32f4xx_hal_uart.o

.debug_abbrev   0x0000000000000000     0x1bf1
 .debug_abbrev  0x0000000000000000      0x2b6 ./Core/Src/main.o
 .debug_abbrev  0x00000000000002b6      0x1d3 ./Core/Src/pca9685.o
 .debug_abbrev  0x0000000000000489      0x1ee ./Core/Src/stm32f4xx_hal_msp.o
 .debug_abbrev  0x0000000000000677       0x73 ./Core/Src/stm32f4xx_it.o
 .debug_abbrev  0x00000000000006ea      0x11a ./Core/Src/system_stm32f4xx.o
 .debug_abbrev  0x0000000000000804       0x12 ./Core/Startup/startup_stm32f446retx.o
 .debug_abbrev  0x0000000000000816      0x213 ./Drivers/STM32F4xx_HAL_Driver/Src/stm32f4xx_hal.o
 .debug_abbrev  0x0000000000000a29      0x252 ./Drivers/STM32F4xx_HAL_Driver/Src/stm32f4xx_hal_adc.o
 .debug_abbrev  0x0000000000000c7b      0x327 ./Drivers/STM32F4xx_HAL_Driver/Src/stm32f4xx_hal_cortex.o
 .debug_abbrev  0x0000000000000fa2      0x1d4 ./Drivers/STM32F4xx_HAL_Driver/Src/stm32f4xx_hal_gpio.o
 .debug_abbrev  0x0000000000001176      0x2ad ./Drivers/STM32F4xx_HAL_Driver/Src/stm32f4xx_hal_i2c.o
 .debug_abbrev  0x0000000000001423      0x2b6 ./Drivers/STM32F4xx_HAL_Driver/Src/stm32f4xx_hal_rcc.o
 .debug_abbrev  0x00000000000016d9      0x20a ./Drivers/STM32F4xx_HAL_Driver/Src/stm32f4xx_hal_rcc_ex.o
 .debug_abbrev  0x00000000000018e3      0x30e ./Drivers/STM32F4xx_HAL_Driver/Src/stm32f4xx_hal_uart.o

.debug_aranges  0x0000000000000000      0xab8
 .debug_aranges
                0x0000000000000000       0x58 ./Core/Src/main.o
 .debug_aranges
                0x0000000000000058       0x78 ./Core/Src/pca9685.o
 .debug_aranges
                0x00000000000000d0       0x50 ./Core/Src/stm32f4xx_hal_msp.o
 .debug_aranges
                0x0000000000000120       0x60 ./Core/Src/stm32f4xx_it.o
 .debug_aranges
                0x0000000000000180       0x28 ./Core/Src/system_stm32f4xx.o
 .debug_aranges
                0x00000000000001a8       0x28 ./Core/Startup/startup_stm32f446retx.o
 .debug_aranges
                0x00000000000001d0       0xf0 ./Drivers/STM32F4xx_HAL_Driver/Src/stm32f4xx_hal.o
 .debug_aranges
                0x00000000000002c0       0xe8 ./Drivers/STM32F4xx_HAL_Driver/Src/stm32f4xx_hal_adc.o
 .debug_aranges
                0x00000000000003a8      0x118 ./Drivers/STM32F4xx_HAL_Driver/Src/stm32f4xx_hal_cortex.o
 .debug_aranges
                0x00000000000004c0       0x58 ./Drivers/STM32F4xx_HAL_Driver/Src/stm32f4xx_hal_gpio.o
 .debug_aranges
                0x0000000000000518      0x2a0 ./Drivers/STM32F4xx_HAL_Driver/Src/stm32f4xx_hal_i2c.o
 .debug_aranges
                0x00000000000007b8       0x88 ./Drivers/STM32F4xx_HAL_Driver/Src/stm32f4xx_hal_rcc.o
 .debug_aranges
                0x0000000000000840       0x78 ./Drivers/STM32F4xx_HAL_Driver/Src/stm32f4xx_hal_rcc_ex.o
 .debug_aranges
                0x00000000000008b8      0x200 ./Drivers/STM32F4xx_HAL_Driver/Src/stm32f4xx_hal_uart.o

.debug_rnglists
                0x0000000000000000      0x86b
 .debug_rnglists
                0x0000000000000000       0x41 ./Core/Src/main.o
 .debug_rnglists
                0x0000000000000041       0x59 ./Core/Src/pca9685.o
 .debug_rnglists
                0x000000000000009a       0x3a ./Core/Src/stm32f4xx_hal_msp.o
 .debug_rnglists
                0x00000000000000d4       0x43 ./Core/Src/stm32f4xx_it.o
 .debug_rnglists
                0x0000000000000117       0x1a ./Core/Src/system_stm32f4xx.o
 .debug_rnglists
                0x0000000000000131       0x19 ./Core/Startup/startup_stm32f446retx.o
 .debug_rnglists
                0x000000000000014a       0xaf ./Drivers/STM32F4xx_HAL_Driver/Src/stm32f4xx_hal.o
 .debug_rnglists
                0x00000000000001f9       0xb5 ./Drivers/STM32F4xx_HAL_Driver/Src/stm32f4xx_hal_adc.o
 .debug_rnglists
                0x00000000000002ae       0xce ./Drivers/STM32F4xx_HAL_Driver/Src/stm32f4xx_hal_cortex.o
 .debug_rnglists
                0x000000000000037c       0x3f ./Drivers/STM32F4xx_HAL_Driver/Src/stm32f4xx_hal_gpio.o
 .debug_rnglists
                0x00000000000003bb      0x235 ./Drivers/STM32F4xx_HAL_Driver/Src/stm32f4xx_hal_i2c.o
 .debug_rnglists
                0x00000000000005f0       0x66 ./Drivers/STM32F4xx_HAL_Driver/Src/stm32f4xx_hal_rcc.o
 .debug_rnglists
                0x0000000000000656       0x5e ./Drivers/STM32F4xx_HAL_Driver/Src/stm32f4xx_hal_rcc_ex.o
 .debug_rnglists
                0x00000000000006b4      0x1b7 ./Drivers/STM32F4xx_HAL_Driver/Src/stm32f4xx_hal_uart.o

.debug_macro    0x0000000000000000    0x22c9b
 .debug_macro   0x0000000000000000      0x3ec ./Core/Src/main.o
 .debug_macro   0x00000000000003ec      0xaa8 ./Core/Src/main.o
 .debug_macro   0x0000000000000e94      0x2a1 ./Core/Src/main.o
 .debug_macro   0x0000000000001135       0x2e ./Core/Src/main.o
 .debug_macro   0x0000000000001163       0x28 ./Core/Src/main.o
 .debug_macro   0x000000000000118b       0x22 ./Core/Src/main.o
 .debug_macro   0x00000000000011ad       0x8e ./Core/Src/main.o
 .debug_macro   0x000000000000123b       0x51 ./Core/Src/main.o
 .debug_macro   0x000000000000128c      0x103 ./Core/Src/main.o
 .debug_macro   0x000000000000138f       0x6a ./Core/Src/main.o
 .debug_macro   0x00000000000013f9      0x1df ./Core/Src/main.o
 .debug_macro   0x00000000000015d8       0x1c ./Core/Src/main.o
 .debug_macro   0x00000000000015f4       0x22 ./Core/Src/main.o
 .debug_macro   0x0000000000001616       0xd9 ./Core/Src/main.o
 .debug_macro   0x00000000000016ef     0x102d ./Core/Src/main.o
 .debug_macro   0x000000000000271c      0x11f ./Core/Src/main.o
 .debug_macro   0x000000000000283b    0x16749 ./Core/Src/main.o
 .debug_macro   0x0000000000018f84       0x6d ./Core/Src/main.o
 .debug_macro   0x0000000000018ff1     0x367e ./Core/Src/main.o
 .debug_macro   0x000000000001c66f      0x174 ./Core/Src/main.o
 .debug_macro   0x000000000001c7e3       0x5c ./Core/Src/main.o
 .debug_macro   0x000000000001c83f      0xc90 ./Core/Src/main.o
 .debug_macro   0x000000000001d4cf      0x9fe ./Core/Src/main.o
 .debug_macro   0x000000000001decd      0x115 ./Core/Src/main.o
 .debug_macro   0x000000000001dfe2      0x1a0 ./Core/Src/main.o
 .debug_macro   0x000000000001e182       0xa5 ./Core/Src/main.o
 .debug_macro   0x000000000001e227      0x16d ./Core/Src/main.o
 .debug_macro   0x000000000001e394      0x287 ./Core/Src/main.o
 .debug_macro   0x000000000001e61b       0x5f ./Core/Src/main.o
 .debug_macro   0x000000000001e67a      0x236 ./Core/Src/main.o
 .debug_macro   0x000000000001e8b0      0xb5b ./Core/Src/main.o
 .debug_macro   0x000000000001f40b      0x38b ./Core/Src/main.o
 .debug_macro   0x000000000001f796      0x17d ./Core/Src/main.o
 .debug_macro   0x000000000001f913       0xf9 ./Core/Src/main.o
 .debug_macro   0x000000000001fa0c      0x132 ./Core/Src/main.o
 .debug_macro   0x000000000001fb3e      0x29c ./Core/Src/main.o
 .debug_macro   0x000000000001fdda       0x2e ./Core/Src/main.o
 .debug_macro   0x000000000001fe08      0x1b5 ./Core/Src/main.o
 .debug_macro   0x000000000001ffbd       0x22 ./Core/Src/main.o
 .debug_macro   0x000000000001ffdf       0xd6 ./Core/Src/main.o
 .debug_macro   0x00000000000200b5      0x11a ./Core/Src/main.o
 .debug_macro   0x00000000000201cf       0xe8 ./Core/Src/main.o
 .debug_macro   0x00000000000202b7       0x89 ./Core/Src/main.o
 .debug_macro   0x0000000000020340      0x295 ./Core/Src/main.o
 .debug_macro   0x00000000000205d5      0x126 ./Core/Src/main.o
 .debug_macro   0x00000000000206fb       0x64 ./Core/Src/main.o
 .debug_macro   0x000000000002075f       0x61 ./Core/Src/main.o
 .debug_macro   0x00000000000207c0       0x2a ./Core/Src/main.o
 .debug_macro   0x00000000000207ea       0x43 ./Core/Src/main.o
 .debug_macro   0x000000000002082d       0x34 ./Core/Src/main.o
 .debug_macro   0x0000000000020861       0x16 ./Core/Src/main.o
 .debug_macro   0x0000000000020877       0x35 ./Core/Src/main.o
 .debug_macro   0x00000000000208ac      0x369 ./Core/Src/main.o
 .debug_macro   0x0000000000020c15       0x10 ./Core/Src/main.o
 .debug_macro   0x0000000000020c25       0x16 ./Core/Src/main.o
 .debug_macro   0x0000000000020c3b       0x43 ./Core/Src/main.o
 .debug_macro   0x0000000000020c7e       0x34 ./Core/Src/main.o
 .debug_macro   0x0000000000020cb2       0x10 ./Core/Src/main.o
 .debug_macro   0x0000000000020cc2       0x58 ./Core/Src/main.o
 .debug_macro   0x0000000000020d1a       0x8e ./Core/Src/main.o
 .debug_macro   0x0000000000020da8       0x1c ./Core/Src/main.o
 .debug_macro   0x0000000000020dc4      0x177 ./Core/Src/main.o
 .debug_macro   0x0000000000020f3b       0x16 ./Core/Src/main.o
 .debug_macro   0x0000000000020f51       0x16 ./Core/Src/main.o
 .debug_macro   0x0000000000020f67      0x147 ./Core/Src/main.o
 .debug_macro   0x00000000000210ae       0x16 ./Core/Src/main.o
 .debug_macro   0x00000000000210c4       0x20 ./Core/Src/main.o
 .debug_macro   0x00000000000210e4       0x9a ./Core/Src/main.o
 .debug_macro   0x000000000002117e      0x19b ./Core/Src/main.o
 .debug_macro   0x0000000000021319      0x2be ./Core/Src/pca9685.o
 .debug_macro   0x00000000000215d7      0x20a ./Core/Src/stm32f4xx_hal_msp.o
 .debug_macro   0x00000000000217e1      0x214 ./Core/Src/stm32f4xx_it.o
 .debug_macro   0x00000000000219f5      0x1fb ./Core/Src/system_stm32f4xx.o
 .debug_macro   0x0000000000021bf0      0x25b ./Drivers/STM32F4xx_HAL_Driver/Src/stm32f4xx_hal.o
 .debug_macro   0x0000000000021e4b      0x1fc ./Drivers/STM32F4xx_HAL_Driver/Src/stm32f4xx_hal_adc.o
 .debug_macro   0x0000000000022047      0x1fb ./Drivers/STM32F4xx_HAL_Driver/Src/stm32f4xx_hal_cortex.o
 .debug_macro   0x0000000000022242      0x201 ./Drivers/STM32F4xx_HAL_Driver/Src/stm32f4xx_hal_gpio.o
 .debug_macro   0x0000000000022443      0x242 ./Drivers/STM32F4xx_HAL_Driver/Src/stm32f4xx_hal_i2c.o
 .debug_macro   0x0000000000022685      0x21f ./Drivers/STM32F4xx_HAL_Driver/Src/stm32f4xx_hal_rcc.o
 .debug_macro   0x00000000000228a4      0x1fb ./Drivers/STM32F4xx_HAL_Driver/Src/stm32f4xx_hal_rcc_ex.o
 .debug_macro   0x0000000000022a9f      0x1fc ./Drivers/STM32F4xx_HAL_Driver/Src/stm32f4xx_hal_uart.o

.debug_line     0x0000000000000000     0xe5a0
 .debug_line    0x0000000000000000      0xc58 ./Core/Src/main.o
 .debug_line    0x0000000000000c58      0x9cd ./Core/Src/pca9685.o
 .debug_line    0x0000000000001625      0x7c2 ./Core/Src/stm32f4xx_hal_msp.o
 .debug_line    0x0000000000001de7      0x795 ./Core/Src/stm32f4xx_it.o
 .debug_line    0x000000000000257c      0x754 ./Core/Src/system_stm32f4xx.o
 .debug_line    0x0000000000002cd0       0x7a ./Core/Startup/startup_stm32f446retx.o
 .debug_line    0x0000000000002d4a      0x9ba ./Drivers/STM32F4xx_HAL_Driver/Src/stm32f4xx_hal.o
 .debug_line    0x0000000000003704     0x122a ./Drivers/STM32F4xx_HAL_Driver/Src/stm32f4xx_hal_adc.o
 .debug_line    0x000000000000492e      0xc69 ./Drivers/STM32F4xx_HAL_Driver/Src/stm32f4xx_hal_cortex.o
 .debug_line    0x0000000000005597      0xb1a ./Drivers/STM32F4xx_HAL_Driver/Src/stm32f4xx_hal_gpio.o
 .debug_line    0x00000000000060b1     0x397c ./Drivers/STM32F4xx_HAL_Driver/Src/stm32f4xx_hal_i2c.o
 .debug_line    0x0000000000009a2d      0xd3f ./Drivers/STM32F4xx_HAL_Driver/Src/stm32f4xx_hal_rcc.o
 .debug_line    0x000000000000a76c     0x13d8 ./Drivers/STM32F4xx_HAL_Driver/Src/stm32f4xx_hal_rcc_ex.o
 .debug_line    0x000000000000bb44     0x2a5c ./Drivers/STM32F4xx_HAL_Driver/Src/stm32f4xx_hal_uart.o

.debug_str      0x0000000000000000    0xd7b6e
 .debug_str     0x0000000000000000    0xd4f1a ./Core/Src/main.o
                                      0xd527f (size before relaxing)
 .debug_str     0x00000000000d4f1a      0x1db ./Core/Src/pca9685.o
                                      0xd42b8 (size before relaxing)
 .debug_str     0x00000000000d50f5       0xcc ./Core/Src/stm32f4xx_hal_msp.o
                                      0xd0af8 (size before relaxing)
 .debug_str     0x00000000000d51c1       0xc9 ./Core/Src/stm32f4xx_it.o
                                      0xd00fb (size before relaxing)
 .debug_str     0x00000000000d528a       0xdb ./Core/Src/system_stm32f4xx.o
                                      0xd00e9 (size before relaxing)
 .debug_str     0x00000000000d5365       0x34 ./Core/Startup/startup_stm32f446retx.o
                                         0x6c (size before relaxing)
 .debug_str     0x00000000000d5399      0xb11 ./Drivers/STM32F4xx_HAL_Driver/Src/stm32f4xx_hal.o
                                      0xd0cae (size before relaxing)
 .debug_str     0x00000000000d5eaa      0x297 ./Drivers/STM32F4xx_HAL_Driver/Src/stm32f4xx_hal_adc.o
                                      0xd06b1 (size before relaxing)
 .debug_str     0x00000000000d6141      0x34d ./Drivers/STM32F4xx_HAL_Driver/Src/stm32f4xx_hal_cortex.o
                                      0xd09bc (size before relaxing)
 .debug_str     0x00000000000d648e      0x101 ./Drivers/STM32F4xx_HAL_Driver/Src/stm32f4xx_hal_gpio.o
                                      0xd0264 (size before relaxing)
 .debug_str     0x00000000000d658f      0xab4 ./Drivers/STM32F4xx_HAL_Driver/Src/stm32f4xx_hal_i2c.o
                                      0xd1094 (size before relaxing)
 .debug_str     0x00000000000d7043      0x213 ./Drivers/STM32F4xx_HAL_Driver/Src/stm32f4xx_hal_rcc.o
                                      0xd0522 (size before relaxing)
 .debug_str     0x00000000000d7256      0x324 ./Drivers/STM32F4xx_HAL_Driver/Src/stm32f4xx_hal_rcc_ex.o
                                      0xd0555 (size before relaxing)
 .debug_str     0x00000000000d757a      0x5f4 ./Drivers/STM32F4xx_HAL_Driver/Src/stm32f4xx_hal_uart.o
                                      0xd0a97 (size before relaxing)

.debug_frame    0x0000000000000000     0x2ee0
 .debug_frame   0x0000000000000000      0x114 ./Core/Src/main.o
 .debug_frame   0x0000000000000114      0x1c8 ./Core/Src/pca9685.o
 .debug_frame   0x00000000000002dc      0x10c ./Core/Src/stm32f4xx_hal_msp.o
 .debug_frame   0x00000000000003e8      0x104 ./Core/Src/stm32f4xx_it.o
 .debug_frame   0x00000000000004ec       0x58 ./Core/Src/system_stm32f4xx.o
 .debug_frame   0x0000000000000544      0x374 ./Drivers/STM32F4xx_HAL_Driver/Src/stm32f4xx_hal.o
 .debug_frame   0x00000000000008b8      0x3fc ./Drivers/STM32F4xx_HAL_Driver/Src/stm32f4xx_hal_adc.o
 .debug_frame   0x0000000000000cb4      0x498 ./Drivers/STM32F4xx_HAL_Driver/Src/stm32f4xx_hal_cortex.o
 .debug_frame   0x000000000000114c      0x14c ./Drivers/STM32F4xx_HAL_Driver/Src/stm32f4xx_hal_gpio.o
 .debug_frame   0x0000000000001298      0xc5c ./Drivers/STM32F4xx_HAL_Driver/Src/stm32f4xx_hal_i2c.o
 .debug_frame   0x0000000000001ef4      0x1f4 ./Drivers/STM32F4xx_HAL_Driver/Src/stm32f4xx_hal_rcc.o
 .debug_frame   0x00000000000020e8      0x1e8 ./Drivers/STM32F4xx_HAL_Driver/Src/stm32f4xx_hal_rcc_ex.o
 .debug_frame   0x00000000000022d0      0x92c ./Drivers/STM32F4xx_HAL_Driver/Src/stm32f4xx_hal_uart.o
 .debug_frame   0x0000000000002bfc       0x20 /opt/st/stm32cubeide_1.13.2/plugins/com.st.stm32cube.ide.mcu.externaltools.gnu-tools-for-stm32.11.3.rel1.linux64_1.1.1.202309131626/tools/bin/../lib/gcc/arm-none-eabi/11.3.1/../../../../arm-none-eabi/lib/thumb/v7e-m+fp/hard/libc_nano.a(libc_a-memset.o)
 .debug_frame   0x0000000000002c1c       0x2c /opt/st/stm32cubeide_1.13.2/plugins/com.st.stm32cube.ide.mcu.externaltools.gnu-tools-for-stm32.11.3.rel1.linux64_1.1.1.202309131626/tools/bin/../lib/gcc/arm-none-eabi/11.3.1/../../../../arm-none-eabi/lib/thumb/v7e-m+fp/hard/libc_nano.a(libc_a-init.o)
 .debug_frame   0x0000000000002c48       0x30 /opt/st/stm32cubeide_1.13.2/plugins/com.st.stm32cube.ide.mcu.externaltools.gnu-tools-for-stm32.11.3.rel1.linux64_1.1.1.202309131626/tools/bin/../lib/gcc/arm-none-eabi/11.3.1/../../../../arm-none-eabi/lib/thumb/v7e-m+fp/hard/libm.a(libm_a-s_floor.o)
 .debug_frame   0x0000000000002c78       0xac /opt/st/stm32cubeide_1.13.2/plugins/com.st.stm32cube.ide.mcu.externaltools.gnu-tools-for-stm32.11.3.rel1.linux64_1.1.1.202309131626/tools/bin/../lib/gcc/arm-none-eabi/11.3.1/thumb/v7e-m+fp/hard/libgcc.a(_arm_addsubdf3.o)
 .debug_frame   0x0000000000002d24       0x50 /opt/st/stm32cubeide_1.13.2/plugins/com.st.stm32cube.ide.mcu.externaltools.gnu-tools-for-stm32.11.3.rel1.linux64_1.1.1.202309131626/tools/bin/../lib/gcc/arm-none-eabi/11.3.1/thumb/v7e-m+fp/hard/libgcc.a(_arm_muldivdf3.o)
 .debug_frame   0x0000000000002d74       0xc4 /opt/st/stm32cubeide_1.13.2/plugins/com.st.stm32cube.ide.mcu.externaltools.gnu-tools-for-stm32.11.3.rel1.linux64_1.1.1.202309131626/tools/bin/../lib/gcc/arm-none-eabi/11.3.1/thumb/v7e-m+fp/hard/libgcc.a(_arm_cmpdf2.o)
 .debug_frame   0x0000000000002e38       0x24 /opt/st/stm32cubeide_1.13.2/plugins/com.st.stm32cube.ide.mcu.externaltools.gnu-tools-for-stm32.11.3.rel1.linux64_1.1.1.202309131626/tools/bin/../lib/gcc/arm-none-eabi/11.3.1/thumb/v7e-m+fp/hard/libgcc.a(_arm_fixunsdfsi.o)
 .debug_frame   0x0000000000002e5c       0x24 /opt/st/stm32cubeide_1.13.2/plugins/com.st.stm32cube.ide.mcu.externaltools.gnu-tools-for-stm32.11.3.rel1.linux64_1.1.1.202309131626/tools/bin/../lib/gcc/arm-none-eabi/11.3.1/thumb/v7e-m+fp/hard/libgcc.a(_arm_truncdfsf2.o)
 .debug_frame   0x0000000000002e80       0x2c /opt/st/stm32cubeide_1.13.2/plugins/com.st.stm32cube.ide.mcu.externaltools.gnu-tools-for-stm32.11.3.rel1.linux64_1.1.1.202309131626/tools/bin/../lib/gcc/arm-none-eabi/11.3.1/thumb/v7e-m+fp/hard/libgcc.a(_aeabi_uldivmod.o)
 .debug_frame   0x0000000000002eac       0x34 /opt/st/stm32cubeide_1.13.2/plugins/com.st.stm32cube.ide.mcu.externaltools.gnu-tools-for-stm32.11.3.rel1.linux64_1.1.1.202309131626/tools/bin/../lib/gcc/arm-none-eabi/11.3.1/thumb/v7e-m+fp/hard/libgcc.a(_udivmoddi4.o)

.debug_line_str
                0x0000000000000000       0x60
 .debug_line_str
                0x0000000000000000       0x60 ./Core/Startup/startup_stm32f446retx.o
                                         0x78 (size before relaxing)
