21:25:18 **** Incremental Build of configuration Debug for project PotentiometerToServo ****
make -j12 all 
arm-none-eabi-gcc "../Core/Src/main.c" -mcpu=cortex-m4 -std=gnu11 -g3 -DDEBUG -DUSE_HAL_DRIVER -DSTM32F446xx -c -I../Core/Inc -I../Drivers/STM32F4xx_HAL_Driver/Inc -I../Drivers/STM32F4xx_HAL_Driver/Inc/Legacy -I../Drivers/CMSIS/Device/ST/STM32F4xx/Include -I../Drivers/CMSIS/Include -O0 -ffunction-sections -fdata-sections -Wall -fstack-usage -fcyclomatic-complexity -MMD -MP -MF"Core/Src/main.d" -MT"Core/Src/main.o" --specs=nano.specs -mfpu=fpv4-sp-d16 -mfloat-abi=hard -mthumb -o "Core/Src/main.o"
arm-none-eabi-gcc -o "PotentiometerToServo.elf" @"objects.list"   -mcpu=cortex-m4 -T"/home/wyatt/Desktop/RobotArm_stm32/PotentiometerToServo/STM32F446RETX_FLASH.ld" --specs=nosys.specs -Wl,-Map="PotentiometerToServo.map" -Wl,--gc-sections -static --specs=nano.specs -mfpu=fpv4-sp-d16 -mfloat-abi=hard -mthumb -Wl,--start-group -lc -lm -Wl,--end-group
Finished building target: PotentiometerToServo.elf
 
arm-none-eabi-size   PotentiometerToServo.elf 
arm-none-eabi-objdump -h -S  PotentiometerToServo.elf  > "PotentiometerToServo.list"
   text	   data	    bss	    dec	    hex	filename
  21596	     20	   1900	  23516	   5bdc	PotentiometerToServo.elf
Finished building: default.size.stdout
 
Finished building: PotentiometerToServo.list
 

21:25:19 Build Finished. 0 errors, 0 warnings. (took 830ms)

