17:26:07 **** Incremental Build of configuration Debug for project RobotArm_stm32 ****
make -j12 all 
arm-none-eabi-gcc "../Core/Src/main.c" -mcpu=cortex-m4 -std=gnu11 -g3 -DDEBUG -DUSE_HAL_DRIVER -DSTM32F446xx -c -I../Core/Inc -I../Drivers/STM32F4xx_HAL_Driver/Inc -I../Drivers/STM32F4xx_HAL_Driver/Inc/Legacy -I../Drivers/CMSIS/Device/ST/STM32F4xx/Include -I../Drivers/CMSIS/Include -O0 -ffunction-sections -fdata-sections -Wall -fstack-usage -fcyclomatic-complexity -MMD -MP -MF"Core/Src/main.d" -MT"Core/Src/main.o" --specs=nano.specs -mfpu=fpv4-sp-d16 -mfloat-abi=hard -mthumb -o "Core/Src/main.o"
arm-none-eabi-gcc -o "RobotArm_stm32.elf" @"objects.list"   -mcpu=cortex-m4 -T"/home/wyatt/Desktop/RobotArm_stm32/RobotArm_stm32/STM32F446RETX_FLASH.ld" --specs=nosys.specs -Wl,-Map="RobotArm_stm32.map" -Wl,--gc-sections -static --specs=nano.specs -mfpu=fpv4-sp-d16 -mfloat-abi=hard -mthumb -Wl,--start-group -lc -lm -Wl,--end-group
Finished building target: RobotArm_stm32.elf
 
arm-none-eabi-size   RobotArm_stm32.elf 
arm-none-eabi-objdump -h -S  RobotArm_stm32.elf  > "RobotArm_stm32.list"
   text	   data	    bss	    dec	    hex	filename
  20436	     20	   1828	  22284	   570c	RobotArm_stm32.elf
Finished building: default.size.stdout
 
Finished building: RobotArm_stm32.list
 

17:26:08 Build Finished. 0 errors, 0 warnings. (took 828ms)

